PREHOOK: query: create table stats_src like src
PREHOOK: type: CREATETABLE
POSTHOOK: query: create table stats_src like src
POSTHOOK: type: CREATETABLE
POSTHOOK: Output: default@stats_src
PREHOOK: query: insert overwrite table stats_src select * from src
PREHOOK: type: QUERY
PREHOOK: Input: default@src
PREHOOK: Output: default@stats_src
POSTHOOK: query: insert overwrite table stats_src select * from src
POSTHOOK: type: QUERY
POSTHOOK: Input: default@src
POSTHOOK: Output: default@stats_src
POSTHOOK: Lineage: stats_src.key SIMPLE [(src)src.FieldSchema(name:key, type:string, comment:default), ]
POSTHOOK: Lineage: stats_src.value SIMPLE [(src)src.FieldSchema(name:value, type:string, comment:default), ]
PREHOOK: query: analyze table stats_src compute statistics
PREHOOK: type: QUERY
PREHOOK: Input: default@stats_src
PREHOOK: Output: default@stats_src
POSTHOOK: query: analyze table stats_src compute statistics
POSTHOOK: type: QUERY
POSTHOOK: Input: default@stats_src
POSTHOOK: Output: default@stats_src
POSTHOOK: Lineage: stats_src.key SIMPLE [(src)src.FieldSchema(name:key, type:string, comment:default), ]
POSTHOOK: Lineage: stats_src.value SIMPLE [(src)src.FieldSchema(name:value, type:string, comment:default), ]
PREHOOK: query: desc formatted stats_src
PREHOOK: type: DESCTABLE
POSTHOOK: query: desc formatted stats_src
POSTHOOK: type: DESCTABLE
POSTHOOK: Lineage: stats_src.key SIMPLE [(src)src.FieldSchema(name:key, type:string, comment:default), ]
POSTHOOK: Lineage: stats_src.value SIMPLE [(src)src.FieldSchema(name:value, type:string, comment:default), ]
# col_name            	data_type           	comment             
	 	 
key                 	string              	default             
value               	string              	default             
	 	 
# Detailed Table Information	 	 
Database:           	default             	 
Owner:              	null                	 
CreateTime:         	Tue Jan 25 14:48:20 PST 2011	 
LastAccessTime:     	UNKNOWN             	 
Protect Mode:       	None                	 
Retention:          	0                   	 
Location:           	pfile:/data/users/jsichi/open/hive-trunk/build/hbase-handler/test/data/warehouse/stats_src	 
Table Type:         	MANAGED_TABLE       	 
Table Parameters:	 	 
	transient_lastDdlTime	1295995714          
	 	 
# Storage Information	 	 
SerDe Library:      	org.apache.hadoop.hive.serde2.lazy.LazySimpleSerDe	 
InputFormat:        	org.apache.hadoop.mapred.TextInputFormat	 
OutputFormat:       	org.apache.hadoop.hive.ql.io.HiveIgnoreKeyTextOutputFormat	 
Compressed:         	No                  	 
Num Buckets:        	-1                  	 
Bucket Columns:     	[]                  	 
Sort Columns:       	[]                  	 
Storage Desc Params:	 	 
	serialization.format	1                   
PREHOOK: query: create table hbase_part like srcpart
PREHOOK: type: CREATETABLE
POSTHOOK: query: create table hbase_part like srcpart
POSTHOOK: type: CREATETABLE
POSTHOOK: Output: default@hbase_part
POSTHOOK: Lineage: stats_src.key SIMPLE [(src)src.FieldSchema(name:key, type:string, comment:default), ]
POSTHOOK: Lineage: stats_src.value SIMPLE [(src)src.FieldSchema(name:value, type:string, comment:default), ]
PREHOOK: query: insert overwrite table hbase_part partition (ds='2010-04-08', hr = '11') select key, value from src
PREHOOK: type: QUERY
PREHOOK: Input: default@src
PREHOOK: Output: default@hbase_part@ds=2010-04-08/hr=11
POSTHOOK: query: insert overwrite table hbase_part partition (ds='2010-04-08', hr = '11') select key, value from src
POSTHOOK: type: QUERY
POSTHOOK: Input: default@src
POSTHOOK: Output: default@hbase_part@ds=2010-04-08/hr=11
POSTHOOK: Lineage: hbase_part PARTITION(ds=2010-04-08,hr=11).key SIMPLE [(src)src.FieldSchema(name:key, type:string, comment:default), ]
POSTHOOK: Lineage: hbase_part PARTITION(ds=2010-04-08,hr=11).value SIMPLE [(src)src.FieldSchema(name:value, type:string, comment:default), ]
POSTHOOK: Lineage: stats_src.key SIMPLE [(src)src.FieldSchema(name:key, type:string, comment:default), ]
POSTHOOK: Lineage: stats_src.value SIMPLE [(src)src.FieldSchema(name:value, type:string, comment:default), ]
PREHOOK: query: insert overwrite table hbase_part partition (ds='2010-04-08', hr = '12') select key, value from src
PREHOOK: type: QUERY
PREHOOK: Input: default@src
PREHOOK: Output: default@hbase_part@ds=2010-04-08/hr=12
POSTHOOK: query: insert overwrite table hbase_part partition (ds='2010-04-08', hr = '12') select key, value from src
POSTHOOK: type: QUERY
POSTHOOK: Input: default@src
POSTHOOK: Output: default@hbase_part@ds=2010-04-08/hr=12
POSTHOOK: Lineage: hbase_part PARTITION(ds=2010-04-08,hr=11).key SIMPLE [(src)src.FieldSchema(name:key, type:string, comment:default), ]
POSTHOOK: Lineage: hbase_part PARTITION(ds=2010-04-08,hr=11).value SIMPLE [(src)src.FieldSchema(name:value, type:string, comment:default), ]
POSTHOOK: Lineage: hbase_part PARTITION(ds=2010-04-08,hr=12).key SIMPLE [(src)src.FieldSchema(name:key, type:string, comment:default), ]
POSTHOOK: Lineage: hbase_part PARTITION(ds=2010-04-08,hr=12).value SIMPLE [(src)src.FieldSchema(name:value, type:string, comment:default), ]
POSTHOOK: Lineage: stats_src.key SIMPLE [(src)src.FieldSchema(name:key, type:string, comment:default), ]
POSTHOOK: Lineage: stats_src.value SIMPLE [(src)src.FieldSchema(name:value, type:string, comment:default), ]
PREHOOK: query: analyze table hbase_part partition(ds='2008-04-08', hr=11) compute statistics
PREHOOK: type: QUERY
PREHOOK: Input: default@hbase_part@ds=2008-04-08/hr=11
PREHOOK: Output: default@hbase_part
POSTHOOK: query: analyze table hbase_part partition(ds='2008-04-08', hr=11) compute statistics
POSTHOOK: type: QUERY
POSTHOOK: Input: default@hbase_part@ds=2008-04-08/hr=11
POSTHOOK: Output: default@hbase_part
POSTHOOK: Lineage: hbase_part PARTITION(ds=2010-04-08,hr=11).key SIMPLE [(src)src.FieldSchema(name:key, type:string, comment:default), ]
POSTHOOK: Lineage: hbase_part PARTITION(ds=2010-04-08,hr=11).value SIMPLE [(src)src.FieldSchema(name:value, type:string, comment:default), ]
POSTHOOK: Lineage: hbase_part PARTITION(ds=2010-04-08,hr=12).key SIMPLE [(src)src.FieldSchema(name:key, type:string, comment:default), ]
POSTHOOK: Lineage: hbase_part PARTITION(ds=2010-04-08,hr=12).value SIMPLE [(src)src.FieldSchema(name:value, type:string, comment:default), ]
POSTHOOK: Lineage: stats_src.key SIMPLE [(src)src.FieldSchema(name:key, type:string, comment:default), ]
POSTHOOK: Lineage: stats_src.value SIMPLE [(src)src.FieldSchema(name:value, type:string, comment:default), ]
PREHOOK: query: analyze table hbase_part partition(ds='2008-04-08', hr=12) compute statistics
PREHOOK: type: QUERY
PREHOOK: Input: default@hbase_part@ds=2008-04-08/hr=12
PREHOOK: Output: default@hbase_part
POSTHOOK: query: analyze table hbase_part partition(ds='2008-04-08', hr=12) compute statistics
POSTHOOK: type: QUERY
POSTHOOK: Input: default@hbase_part@ds=2008-04-08/hr=12
POSTHOOK: Output: default@hbase_part
POSTHOOK: Lineage: hbase_part PARTITION(ds=2010-04-08,hr=11).key SIMPLE [(src)src.FieldSchema(name:key, type:string, comment:default), ]
POSTHOOK: Lineage: hbase_part PARTITION(ds=2010-04-08,hr=11).value SIMPLE [(src)src.FieldSchema(name:value, type:string, comment:default), ]
POSTHOOK: Lineage: hbase_part PARTITION(ds=2010-04-08,hr=12).key SIMPLE [(src)src.FieldSchema(name:key, type:string, comment:default), ]
POSTHOOK: Lineage: hbase_part PARTITION(ds=2010-04-08,hr=12).value SIMPLE [(src)src.FieldSchema(name:value, type:string, comment:default), ]
POSTHOOK: Lineage: stats_src.key SIMPLE [(src)src.FieldSchema(name:key, type:string, comment:default), ]
POSTHOOK: Lineage: stats_src.value SIMPLE [(src)src.FieldSchema(name:value, type:string, comment:default), ]
PREHOOK: query: desc formatted hbase_part
PREHOOK: type: DESCTABLE
POSTHOOK: query: desc formatted hbase_part
POSTHOOK: type: DESCTABLE
POSTHOOK: Lineage: hbase_part PARTITION(ds=2010-04-08,hr=11).key SIMPLE [(src)src.FieldSchema(name:key, type:string, comment:default), ]
POSTHOOK: Lineage: hbase_part PARTITION(ds=2010-04-08,hr=11).value SIMPLE [(src)src.FieldSchema(name:value, type:string, comment:default), ]
POSTHOOK: Lineage: hbase_part PARTITION(ds=2010-04-08,hr=12).key SIMPLE [(src)src.FieldSchema(name:key, type:string, comment:default), ]
POSTHOOK: Lineage: hbase_part PARTITION(ds=2010-04-08,hr=12).value SIMPLE [(src)src.FieldSchema(name:value, type:string, comment:default), ]
POSTHOOK: Lineage: stats_src.key SIMPLE [(src)src.FieldSchema(name:key, type:string, comment:default), ]
POSTHOOK: Lineage: stats_src.value SIMPLE [(src)src.FieldSchema(name:value, type:string, comment:default), ]
# col_name            	data_type           	comment             
	 	 
key                 	string              	default             
value               	string              	default             
	 	 
# Partition Information	 	 
# col_name            	data_type           	comment             
	 	 
ds                  	string              	None                
hr                  	string              	None                
	 	 
# Detailed Table Information	 	 
Database:           	default             	 
Owner:              	null                	 
CreateTime:         	Tue Jan 25 14:49:11 PST 2011	 
LastAccessTime:     	UNKNOWN             	 
Protect Mode:       	None                	 
Retention:          	0                   	 
Location:           	pfile:/data/users/jsichi/open/hive-trunk/build/hbase-handler/test/data/warehouse/hbase_part	 
Table Type:         	MANAGED_TABLE       	 
Table Parameters:	 	 
	transient_lastDdlTime	1295995751          
	 	 
# Storage Information	 	 
SerDe Library:      	org.apache.hadoop.hive.serde2.lazy.LazySimpleSerDe	 
InputFormat:        	org.apache.hadoop.mapred.TextInputFormat	 
OutputFormat:       	org.apache.hadoop.hive.ql.io.HiveIgnoreKeyTextOutputFormat	 
Compressed:         	No                  	 
Num Buckets:        	-1                  	 
Bucket Columns:     	[]                  	 
Sort Columns:       	[]                  	 
Storage Desc Params:	 	 
	serialization.format	1                   
PREHOOK: query: desc formatted hbase_part partition (ds='2010-04-08', hr = '11')
PREHOOK: type: DESCTABLE
POSTHOOK: query: desc formatted hbase_part partition (ds='2010-04-08', hr = '11')
POSTHOOK: type: DESCTABLE
POSTHOOK: Lineage: hbase_part PARTITION(ds=2010-04-08,hr=11).key SIMPLE [(src)src.FieldSchema(name:key, type:string, comment:default), ]
POSTHOOK: Lineage: hbase_part PARTITION(ds=2010-04-08,hr=11).value SIMPLE [(src)src.FieldSchema(name:value, type:string, comment:default), ]
POSTHOOK: Lineage: hbase_part PARTITION(ds=2010-04-08,hr=12).key SIMPLE [(src)src.FieldSchema(name:key, type:string, comment:default), ]
POSTHOOK: Lineage: hbase_part PARTITION(ds=2010-04-08,hr=12).value SIMPLE [(src)src.FieldSchema(name:value, type:string, comment:default), ]
POSTHOOK: Lineage: stats_src.key SIMPLE [(src)src.FieldSchema(name:key, type:string, comment:default), ]
POSTHOOK: Lineage: stats_src.value SIMPLE [(src)src.FieldSchema(name:value, type:string, comment:default), ]
# col_name            	data_type           	comment             
	 	 
key                 	string              	default             
value               	string              	default             
	 	 
# Partition Information	 	 
# col_name            	data_type           	comment             
	 	 
ds                  	string              	None                
hr                  	string              	None                
	 	 
# Detailed Partition Information	 	 
Partition Value:    	[2010-04-08, 11]    	 
Database:           	default             	 
Table:              	hbase_part          	 
CreateTime:         	Tue Jan 25 14:49:26 PST 2011	 
LastAccessTime:     	UNKNOWN             	 
Protect Mode:       	None                	 
Location:           	pfile:/data/users/jsichi/open/hive-trunk/build/hbase-handler/test/data/warehouse/hbase_part/ds=2010-04-08/hr=11	 
Partition Parameters:	 	 
	transient_lastDdlTime	1295995766          
	 	 
# Storage Information	 	 
SerDe Library:      	org.apache.hadoop.hive.serde2.lazy.LazySimpleSerDe	 
InputFormat:        	org.apache.hadoop.mapred.TextInputFormat	 
OutputFormat:       	org.apache.hadoop.hive.ql.io.HiveIgnoreKeyTextOutputFormat	 
Compressed:         	No                  	 
Num Buckets:        	-1                  	 
Bucket Columns:     	[]                  	 
Sort Columns:       	[]                  	 
Storage Desc Params:	 	 
	serialization.format	1                   
PREHOOK: query: desc formatted hbase_part partition (ds='2010-04-08', hr = '12')
PREHOOK: type: DESCTABLE
POSTHOOK: query: desc formatted hbase_part partition (ds='2010-04-08', hr = '12')
POSTHOOK: type: DESCTABLE
POSTHOOK: Lineage: hbase_part PARTITION(ds=2010-04-08,hr=11).key SIMPLE [(src)src.FieldSchema(name:key, type:string, comment:default), ]
POSTHOOK: Lineage: hbase_part PARTITION(ds=2010-04-08,hr=11).value SIMPLE [(src)src.FieldSchema(name:value, type:string, comment:default), ]
POSTHOOK: Lineage: hbase_part PARTITION(ds=2010-04-08,hr=12).key SIMPLE [(src)src.FieldSchema(name:key, type:string, comment:default), ]
POSTHOOK: Lineage: hbase_part PARTITION(ds=2010-04-08,hr=12).value SIMPLE [(src)src.FieldSchema(name:value, type:string, comment:default), ]
POSTHOOK: Lineage: stats_src.key SIMPLE [(src)src.FieldSchema(name:key, type:string, comment:default), ]
POSTHOOK: Lineage: stats_src.value SIMPLE [(src)src.FieldSchema(name:value, type:string, comment:default), ]
# col_name            	data_type           	comment             
	 	 
key                 	string              	default             
value               	string              	default             
	 	 
# Partition Information	 	 
# col_name            	data_type           	comment             
	 	 
ds                  	string              	None                
hr                  	string              	None                
	 	 
# Detailed Partition Information	 	 
Partition Value:    	[2010-04-08, 12]    	 
Database:           	default             	 
Table:              	hbase_part          	 
CreateTime:         	Tue Jan 25 14:49:52 PST 2011	 
LastAccessTime:     	UNKNOWN             	 
Protect Mode:       	None                	 
Location:           	pfile:/data/users/jsichi/open/hive-trunk/build/hbase-handler/test/data/warehouse/hbase_part/ds=2010-04-08/hr=12	 
Partition Parameters:	 	 
	transient_lastDdlTime	1295995792          
	 	 
# Storage Information	 	 
SerDe Library:      	org.apache.hadoop.hive.serde2.lazy.LazySimpleSerDe	 
InputFormat:        	org.apache.hadoop.mapred.TextInputFormat	 
OutputFormat:       	org.apache.hadoop.hive.ql.io.HiveIgnoreKeyTextOutputFormat	 
Compressed:         	No                  	 
Num Buckets:        	-1                  	 
Bucket Columns:     	[]                  	 
Sort Columns:       	[]                  	 
Storage Desc Params:	 	 
	serialization.format	1                   
